
> frontend@0.0.0 build
> tsc -b && vite build

[36mvite v8.2.1 [32mbuilding client environment for production...[36m[39m
[2K
transforming...Γ£ô 2406 modules transformed.
npm.cmd : [31mΓ£ù[39m Build failed in 32.02s
At line:1 char:14
+ cd frontend; npm.cmd run build 2>&1 | Out-File -FilePath 
build-output ...
+              ~~~~~~~~~~~~~~~~~~~~~~
    + CategoryInfo          : NotSpecified: ([31mΓ£ù[39m Buil 
   d failed in 32.02s:String) [], RemoteException
    + FullyQualifiedErrorId : NativeCommandError
 
[31merror during build:
[31mBuild failed with 1 error:

[plugin vite:esbuild-transpile]
Error: Failed to load `transformWithEsbuild`. It is deprecated 
and it now requires esbuild to be installed separately. If you 
are a package author, please migrate to `transformWithOxc` 
instead.
    at transformWithEsbuild (file:///D:/Chatify/frontend/node_mo
dules/vite/dist/node/chunks/node.js:3412:9)
    at async PluginContextImpl.renderChunk (file:///D:/Chatify/f
rontend/node_modules/vite/dist/node/chunks/node.js:3464:16)
    at async plugin (file:///D:/Chatify/frontend/node_modules/ro
lldown/dist/shared/bindingify-input-options-CMab5gbt.mjs:1624:16
)
    at async plugin.<computed> (file:///D:/Chatify/frontend/node
_modules/rolldown/dist/shared/bindingify-input-options-CMab5gbt.
mjs:2125:12)
Caused by:
  Error: Cannot find package 'esbuild' imported from 
D:\Chatify\frontend\node_modules\vite\dist\node\chunks\node.js
  Error [ERR_MODULE_NOT_FOUND]: Cannot find package 'esbuild' 
imported from 
D:\Chatify\frontend\node_modules\vite\dist\node\chunks\node.js
      at Object.getPackageJSONURL 
(node:internal/modules/package_json_reader:301:9)
      at packageResolve 
(node:internal/modules/esm/resolve:784:25)
      at moduleResolve 
(node:internal/modules/esm/resolve:873:18)
      at defaultResolve 
(node:internal/modules/esm/resolve:1006:11)
      at #cachedDefaultResolve 
(node:internal/modules/esm/loader:705:20)
      at #resolveAndMaybeBlockOnLoaderThread 
(node:internal/modules/esm/loader:725:38)
      at nextStep 
(node:internal/modules/customization_hooks:189:26)
      at Ie (file:///D:/Chatify/frontend/node_modules/@tailwindc
ss/node/dist/index.mjs:1:539)
      at nextStep 
(node:internal/modules/customization_hooks:189:26)
      at resolveWithHooks 
(node:internal/modules/customization_hooks:417:10)[31m
    at aggregateBindingErrorsIntoJsError (file:///D:/Chatify/fro
ntend/node_modules/rolldown/dist/shared/error-BzLGqhSQ.mjs:48:18
)
    at unwrapBindingResult (file:///D:/Chatify/frontend/node_mod
ules/rolldown/dist/shared/error-BzLGqhSQ.mjs:18:128)
    at #build (file:///D:/Chatify/frontend/node_modules/rolldown
/dist/shared/rolldown-I5b6h5Km.mjs:132:34)
    at async buildEnvironment (file:///D:/Chatify/frontend/node_
modules/vite/dist/node/chunks/node.js:33730:66)
    at async Object.build (file:///D:/Chatify/frontend/node_modu
les/vite/dist/node/chunks/node.js:34150:19)
    at async Object.buildApp (file:///D:/Chatify/frontend/node_m
odules/vite/dist/node/chunks/node.js:34147:153)
    at async CAC.<anonymous> (file:///D:/Chatify/frontend/node_m
odules/vite/dist/node/cli.js:776:3) {
  errors: [Getter/Setter]
}[39m
